
https://puppet.com/docs/puppet/5.3/type.html
Resource and type as File
https://puppet.com/docs/puppet/5.3/type.html#file

- First file ( create a manifest file)
`
vagrant@nodep1:~/nov19$ ls
helloworld.pp
vagrant@nodep1:~/nov19$ cat helloworld.pp
file { '/tmp/helloworld.txt':
  ensure => present
}
`

### Run local puppet run
vagrant@nodep1:~/nov19$ puppet apply helloworld.pp
Warning: Could not retrieve fact fqdn
Notice: Compiled catalog for nodep1 in environment production in 0.11 seconds
Notice: /Stage[main]/Main/File[/tmp/helloworld.txt]/ensure: created
Notice: Finished catalog run in 0.07 seconds
vagrant@nodep1:~/nov19$ ls /tmp/helloworld.txt


### Idempotence
vagrant@nodep1:~/nov19$ puppet apply helloworld.pp
Warning: Could not retrieve fact fqdn
Notice: Compiled catalog for nodep1 in environment production in 0.08 seconds
Notice: Finished catalog run in 0.07 seconds
vagrant@nodep1:~/nov19$ cat helloworld.pp

vagrant@nodep1:~/nov19$ vi helloworld.pp
vagrant@nodep1:~/nov19$ cat helloworld.pp
file { '/tmp/helloworld.txt':
  ensure => present,
  content => 'username=scott'
}

vagrant@nodep1:~/nov19$ puppet apply helloworld.pp
Warning: Could not retrieve fact fqdn
Notice: Compiled catalog for nodep1 in environment production in 0.09 seconds
Notice: /Stage[main]/Main/File[/tmp/helloworld.txt]/content: content changed '{md5}d41d8cd98f00b204e9800998ecf8427e' to '{md5}d73d8d27a41b7a89ade4a14714a4ae69'
Notice: Finished catalog run in 0.11 seconds
vagrant@nodep1:~/nov19$ cat /tmp/helloworld.txt
username=scottvagrant@nodep1:~/nov19$


### CONVERGENCE AND IDEMPOTENCE


### install apache2
$ sudo su
$ apt-get update

root@nodep1:/home/vagrant/nov19# cat install_apache2.pp
package {'apache2':
  ensure => present
}
root@nodep1:/home/vagrant/nov19#

### Create a module

root@nodep1:/home/vagrant/nov19# puppet module generate apache2
Error: Could not generate directory "apache2", you must specify a dash-separated username and module name.
Error: Try 'puppet help module generate' for usage
root@nodep1:/home/vagrant/nov19# puppet module generate sp-apache2
Notice: Generating module at /home/vagrant/nov19/sp-apache2
sp-apache2
sp-apache2/Modulefile
sp-apache2/README
sp-apache2/manifests
sp-apache2/manifests/init.pp
sp-apache2/spec
sp-apache2/spec/spec_helper.rb
sp-apache2/tests
sp-apache2/tests/init.pp
root@nodep1:/home/vagrant/nov19# ls
helloworld.pp  install_apache2.pp  sp-apache2
root@nodep1:/home/vagrant/nov19# mv sp-apache2 apache2
root@nodep1:/home/vagrant/nov19# ls
apache2  helloworld.pp  install_apache2.pp
root@nodep1:/home/vagrant/nov19#


root@nodep1:/home/vagrant/nov19# cat apache2/manifests/init.pp
class apache2 {
  package{'apache2':
    ensure => present
  }
  service{'apache2':
    ensure => running
  }
}
root@nodep1:/home/vagrant/nov19# cat install_apache2.pp
include apache2
root@nodep1:/home/vagrant/nov19#

root@nodep1:/home/vagrant/nov19# cat apache2/manifests/init.pp
class apache2 {
  package{'apache2':
    ensure => present
  }
  service{'apache2':
    ensure => running
  }
}
root@nodep1:/home/vagrant/nov19# cat install_apache2.pp
include apache2
root@nodep1:/home/vagrant/nov19# puppet apply install_apache2.pp
Warning: Could not retrieve fact fqdn
Error: Could not find class apache2 for nodep1 on node nodep1
Error: Could not find class apache2 for nodep1 on node nodep1
root@nodep1:/home/vagrant/nov19# puppet apply --modulepath /home/vagrant/nov19 install_apache2.pp
Warning: Could not retrieve fact fqdn
Notice: Compiled catalog for nodep1 in environment production in 0.26 seconds
Notice: Finished catalog run in 0.22 seconds
root@nodep1:/home/vagrant/nov19#

#Ordering
->
require
before

### Managing static files

root@nodep1:/home/vagrant/nov19/apache2# mkdir files
root@nodep1:/home/vagrant/nov19/apache2# cd files/
root@nodep1:/home/vagrant/nov19/apache2/files# ls
root@nodep1:/home/vagrant/nov19/apache2/files# cp /etc/apache2/ports.conf .
root@nodep1:/home/vagrant/nov19/apache2/files# vi ports.conf
root@nodep1:/home/vagrant/nov19/apache2/files# grep Listen ports.conf
Listen 9090
        Listen 443
        Listen 443
root@nodep1:/home/vagrant/nov19/apache2/files#

### Subscribe notify
notify
subscript
~>

#### Bring up puppet 
on Vagrantfile 
56 to 78 uncomment, save the file and then execute vagrant up

###### Certificate signing
from nodep1 execute
  puppet agent -t
from puppet execute
  puppet cert list
  puppet sign nodep1



